// Package a exercises the noomitempty analyzer on a module targeting Go 1.24,
// where "omitzero" is available and "omitempty" should be reported.
package a

import "encoding/json"

// Flagged reports the basic cases.
type Flagged struct {
	Name    string `json:"name,omitzero"`             // want `use "omitzero"`
	NoName  string `json:",omitzero"`                 // want `use "omitzero"`
	WithOpt string `json:"with_opt,omitzero,string"`  // want `use "omitzero"`
	Nested  struct {
		Inner int `json:"inner,omitzero"` // want `use "omitzero"`
	}
}

// Exempt covers cases that must NOT be reported.
type Exempt struct {
	// json.RawMessage is exempt: its zero value is a nil slice.
	Raw    json.RawMessage  `json:"raw,omitempty"`
	RawPtr *json.RawMessage `json:"raw_ptr,omitempty"`

	// No "omitempty" option present.
	Plain string `json:"plain"`
	Dash  string `json:"-"`

	// "omitempty" only in a non-json tag is irrelevant.
	Other string `yaml:"other,omitempty" json:"other"`

	// A field literally named "omitempty" is not the option.
	Literal string `json:"omitempty"`

	// No struct tag at all.
	Untagged string
}

// Embedded checks tags on embedded fields and anonymous nested structs.
type Embedded struct {
	Flagged `json:"flagged,omitzero"` // want `use "omitzero"`
	Group   struct {
		Deep string `json:"deep,omitzero"` // want `use "omitzero"`
	} `json:"group"`
}

// InterpretedTag uses a double-quoted (interpreted) string literal for the tag
// instead of the conventional raw string (backticks). It is semantically the
// same struct tag, so "omitempty" is reported here too.
type InterpretedTag struct {
	F string "json:\"f,omitzero\"" // want `use "omitzero"`
}

// Suppressed covers fields whose deliberate "omitempty" is retained via an
// //ngignore directive; none of these may be reported, and -fix must leave
// their tags untouched.
type Suppressed struct {
	// Trailing directive on the field's own line.
	Trailing string `json:"trailing,omitempty"` //ngignore:noomitempty empty is meaningful

	//ngignore:noomitempty empty is meaningful
	Lead string `json:"lead,omitempty"`

	// A comma-separated list that names this checker among others suppresses too.
	Multi string `json:"multi,omitempty"` //ngignore:othercheck,noomitempty intentional

	// A directive with no trailing reason still suppresses.
	NoReason string `json:"no_reason,omitempty"` //ngignore:noomitempty

	// A directive naming only a different checker does NOT suppress this one.
	//ngignore:othercheck unrelated
	StillFlagged string `json:"still_flagged,omitzero"` // want `use "omitzero"`
}
